/home/cossevine/loki_env/bin/python3
/home/cossevine/lint_ifs/test
==> arpifs/phys_dmn/actke.F90 <==
Routine :  ACTKE => 
 *** Some array syntax in PECT1(:, :) = YDML_PHY_MF%YRPHY0%ECTMIN
 *** Some array syntax in ZTABFL(KIDIA:KFDIA, KTDIAT:KLEV) = PDELP(KIDIA:KFDIA, KTDIAT:KLEV)*PECT1(KIDIA:KFDIA, KTDIAT:KLEV)

==> arpifs/phys_dmn/acbl89.F90 <==
==> arpifs/phys_dmn/acturb.F90 <==
Routine :  ACTURB => 
 *** Some array syntax in ZLM(:, :) = PLMECT(:, :) / YDCST%RG
 *** Some array syntax in PNEBS(:, :) = ZEPNEBS

==> arpifs/phys_dmn/acevolet.F90 <==
==> arpifs/phys_dmn/aclender.F90 <==
==> arpifs/phys_dmn/hl2fl.F90 <==
==> arpifs/phys_dmn/fl2hl.F90 <==
==> arpifs/phys_dmn/dprecips.F90 <==
==> arpifs/pp_obs/ppwetpoint.F90 <==
==> arpifs/phys_dmn/acdrag.F90 <==
==> arpifs/phys_dmn/acpluis.F90 <==
==> arpifs/phys_dmn/acdnshf.F90 <==
==> arpifs/phys_radi/radozcmf.F90 <==
Routine :  RADOZCMF => Some indirect addressing was detected: 
 *** YDEOZOC%RSINC(INLA(JLON)); 
==> arpifs/phys_dmn/suozon.F90 <==
==> arpifs/adiab/cpphinp.F90 <==
==> arpifs/phys_dmn/aplpar_init.F90 <==
Routine :  APLPAR_INIT => 
 *** Some array syntax in KCLPH(:) = KLEV

==> arpifs/phys_dmn/actqsat.F90 <==
==> arpifs/phys_dmn/acsol.F90 <==
==> arpifs/phys_dmn/acsolw.F90 <==
==> arpifs/phys_dmn/achmt.F90 <==
==> arpifs/phys_dmn/acntcls.F90 <==
==> arpifs/phys_dmn/achmtls.F90 <==
==> arpifs/phys_dmn/acclph.F90 <==
==> arpifs/phys_dmn/qngcor.F90 <==
==> arpifs/phys_dmn/acdrme.F90 <==
==> arpifs/phys_dmn/acevadcape.F90 <==
==> arpifs/phys_dmn/accldia.F90 <==
==> arpifs/phys_dmn/acvisih.F90 <==
==> arpifs/phys_dmn/mf_phys_precips.F90 <==
==> arpifs/phys_dmn/mf_phys_bayrad.F90 <==
==> arpifs/phys_dmn/acfluso.F90 <==
==> arpifs/phys_radi/radaer.F90 <==
Routine :  RADAER => 
 *** Some array syntax in PAER(JLON, :, 6) = PAER(JLON, :, 6) / ZTOT(JLON)

==> arpifs/phys_dmn/acnebcond.F90 <==
==> arpifs/phys_dmn/acnebsm.F90 <==
==> arpifs/phys_dmn/acnebn.F90 <==
==> arpifs/phys_dmn/acnebxrs.F90 <==
==> arpifs/phys_dmn/acnpart.F90 <==
==> arpifs/phys_dmn/acnpart_cloud_cover_wmo.F90 <==
==> arpifs/phys_dmn/acnpart_cloud_cover.F90 <==
==> arpifs/phys_dmn/acnpart_conv_base_top.F90 <==
Routine :  ACNPART_CONV_BASE_TOP => 
 *** Some array syntax in JCTOP(KIDIA:KFDIA) = KLEV
 *** Some array syntax in JCBASE(KIDIA:KFDIA) = KLEV

==> arpifs/phys_radi/radheat.F90 <==
==> arpifs/phys_dmn/acdayd.F90 <==
==> arpifs/phys_radi/acrso.F90 <==
==> arpifs/phys_dmn/acveg.F90 <==
==> arpifs/phys_dmn/acdifv1.F90 <==
==> arpifs/phys_dmn/arp_ground_param.F90 <==
==> arpifs/phys_dmn/acdifv2.F90 <==
==> arpifs/phys_dmn/tridifv1.F90 <==
==> arpifs/phys_dmn/acuptq.F90 <==
==> arpifs/phys_dmn/acpluiz.F90 <==
==> arpifs/phys_dmn/acmicro.F90 <==
==> arpifs/phys_dmn/advprcs.F90 <==
==> arpifs/phys_dmn/acdrov.F90 <==
==> arpifs/phys_dmn/acdrov.F90 <==
==> arpifs/adiab/cpwts.F90 <==
==> arpifs/adiab/cptends.F90 <==
==> arpifs/adiab/cptend_new.F90 <==
Routine :  CPTEND_NEW => 
 *** Some array syntax in ZTMPVAR(KIDIA:KFDIA, 1:KFLEV) = PDELP(KIDIA:KFDIA, 1:KFLEV)*PQ(KIDIA:KFDIA, 1:KFLEV)
 *** Some array syntax in ZTMPFLUX(KIDIA:KFDIA, 0:KFLEV) = -PFECL(KIDIA:KFDIA, 0:KFLEV)
 *** Some array syntax in ZTMPFLUX(KIDIA:KFDIA, 0:KFLEV) = -PFESL(KIDIA:KFDIA, 0:KFLEV)
 *** Some array syntax in ZTMPFLUX(KIDIA:KFDIA, 0:KFLEV) = -PFECN(KIDIA:KFDIA, 0:KFLEV)
 *** Some array syntax in ZTMPFLUX(KIDIA:KFDIA, 0:KFLEV) = -PFESN(KIDIA:KFDIA, 0:KFLEV)
 *** Some array syntax in ZTMPFLUX(KIDIA:KFDIA, 0:KFLEV) = -PFESG(KIDIA:KFDIA, 0:KFLEV)
 *** Some array syntax in ZTMPVAR(KIDIA:KFDIA, 1:KFLEV) = PDELP(KIDIA:KFDIA, 1:KFLEV)*PCP(KIDIA:KFDIA, 1:KFLEV)*PT(KIDIA:KFDIA, 1:KFLEV)
 *** Some array syntax in ZFHSENS(KIDIA:KFDIA, 0:KFLEV) = (YDCST%RCW - YDCST%RCPD)*ZFPL(KIDIA:KFDIA, 0:KFLEV)*ZTI(KIDIA:KFDIA, 0:KFLEV) + (YDCST%RCS -  &
& YDCST%RCPD)*ZFPN(KIDIA:KFDIA, 0:KFLEV)*ZTI(KIDIA:KFDIA, 0:KFLEV)
 *** Some array syntax in ZTMPFLUX(KIDIA:KFDIA, 0:KFLEV) = -YDCST%RLVZER*PFCCQL(KIDIA:KFDIA, 0:KFLEV)
 *** Some array syntax in ZTMPFLUX(KIDIA:KFDIA, 0:KFLEV) = -YDCST%RLVZER*PFCSQL(KIDIA:KFDIA, 0:KFLEV)
 *** Some array syntax in ZTMPFLUX(KIDIA:KFDIA, 0:KFLEV) = YDCST%RLVZER*PFESL(KIDIA:KFDIA, 0:KFLEV)
 *** Some array syntax in ZTMPFLUX(KIDIA:KFDIA, 0:KFLEV) = YDCST%RLVZER*PFECL(KIDIA:KFDIA, 0:KFLEV)
 *** Some array syntax in ZTMPFLUX(KIDIA:KFDIA, 0:KFLEV) = -YDCST%RLSZER*PFCCQN(KIDIA:KFDIA, 0:KFLEV)
 *** Some array syntax in ZTMPFLUX(KIDIA:KFDIA, 0:KFLEV) = -YDCST%RLSZER*PFCSQN(KIDIA:KFDIA, 0:KFLEV)
 *** Some array syntax in ZTMPFLUX(KIDIA:KFDIA, 0:KFLEV) = YDCST%RLSZER*PFESN(KIDIA:KFDIA, 0:KFLEV)
 *** Some array syntax in ZTMPFLUX(KIDIA:KFDIA, 0:KFLEV) = YDCST%RLSZER*PFECN(KIDIA:KFDIA, 0:KFLEV)
 *** Some array syntax in ZTMPFLUX(KIDIA:KFDIA, 0:KFLEV) = YDCST%RLSZER*PFESG(KIDIA:KFDIA, 0:KFLEV)
 *** Some array syntax in ZTMPVAR(KIDIA:KFDIA, 1:KFLEV) = PDELP(KIDIA:KFDIA, 1:KFLEV)*PQ(KIDIA:KFDIA, 1:KFLEV)
 *** Some array syntax in ZTMPFLUX(KIDIA:KFDIA, 0:KFLEV) = -PFECL(KIDIA:KFDIA, 0:KFLEV)
 *** Some array syntax in ZTMPFLUX(KIDIA:KFDIA, 0:KFLEV) = -PFESL(KIDIA:KFDIA, 0:KFLEV)
 *** Some array syntax in ZTMPFLUX(KIDIA:KFDIA, 0:KFLEV) = -PFECN(KIDIA:KFDIA, 0:KFLEV)
 *** Some array syntax in ZTMPFLUX(KIDIA:KFDIA, 0:KFLEV) = -PFESN(KIDIA:KFDIA, 0:KFLEV)
 *** Some array syntax in ZTMPFLUX(KIDIA:KFDIA, 0:KFLEV) = -PFESG(KIDIA:KFDIA, 0:KFLEV)
 *** Some array syntax in ZTMPVAR(KIDIA:KFDIA, 1:KFLEV) = PDELP(KIDIA:KFDIA, 1:KFLEV)*PCP(KIDIA:KFDIA, 1:KFLEV)*PT(KIDIA:KFDIA, 1:KFLEV)
 *** Some array syntax in ZFHSENS(KIDIA:KFDIA, 0:KFLEV) = (YDCST%RCW - YDCST%RCPD)*ZFPL(KIDIA:KFDIA, 0:KFLEV)*ZTI(KIDIA:KFDIA, 0:KFLEV) + (YDCST%RCS -  &
& YDCST%RCPD)*ZFPN(KIDIA:KFDIA, 0:KFLEV)*ZTI(KIDIA:KFDIA, 0:KFLEV)
 *** Some array syntax in ZTMPFLUX(KIDIA:KFDIA, 0:KFLEV) = -YDCST%RLVZER*PFCCQL(KIDIA:KFDIA, 0:KFLEV)
 *** Some array syntax in ZTMPFLUX(KIDIA:KFDIA, 0:KFLEV) = -YDCST%RLVZER*PFCSQL(KIDIA:KFDIA, 0:KFLEV)
 *** Some array syntax in ZTMPFLUX(KIDIA:KFDIA, 0:KFLEV) = YDCST%RLVZER*PFESL(KIDIA:KFDIA, 0:KFLEV)
 *** Some array syntax in ZTMPFLUX(KIDIA:KFDIA, 0:KFLEV) = YDCST%RLVZER*PFECL(KIDIA:KFDIA, 0:KFLEV)
 *** Some array syntax in ZTMPFLUX(KIDIA:KFDIA, 0:KFLEV) = -YDCST%RLSZER*PFCCQN(KIDIA:KFDIA, 0:KFLEV)
 *** Some array syntax in ZTMPFLUX(KIDIA:KFDIA, 0:KFLEV) = -YDCST%RLSZER*PFCSQN(KIDIA:KFDIA, 0:KFLEV)
 *** Some array syntax in ZTMPFLUX(KIDIA:KFDIA, 0:KFLEV) = YDCST%RLSZER*PFESN(KIDIA:KFDIA, 0:KFLEV)
 *** Some array syntax in ZTMPFLUX(KIDIA:KFDIA, 0:KFLEV) = YDCST%RLSZER*PFECN(KIDIA:KFDIA, 0:KFLEV)
 *** Some array syntax in ZTMPFLUX(KIDIA:KFDIA, 0:KFLEV) = YDCST%RLSZER*PFESG(KIDIA:KFDIA, 0:KFLEV)
 *** Some array syntax in ZTMPVAR(KIDIA:KFDIA, 1:KFLEV) = PDELP(KIDIA:KFDIA, 1:KFLEV)*PQL(KIDIA:KFDIA, 1:KFLEV)
 *** Some array syntax in ZTMPFLUX(KIDIA:KFDIA, 0:KFLEV) = -PFCSQL(KIDIA:KFDIA, 0:KFLEV)
 *** Some array syntax in ZTMPFLUX(KIDIA:KFDIA, 0:KFLEV) = -PFCCQL(KIDIA:KFDIA, 0:KFLEV)
 *** Some array syntax in ZTMPVAR(KIDIA:KFDIA, 1:KFLEV) = PDELP(KIDIA:KFDIA, 1:KFLEV)*PQL(KIDIA:KFDIA, 1:KFLEV)
 *** Some array syntax in ZTMPFLUX(KIDIA:KFDIA, 0:KFLEV) = -PFCSQL(KIDIA:KFDIA, 0:KFLEV)
 *** Some array syntax in ZTMPFLUX(KIDIA:KFDIA, 0:KFLEV) = -PFCCQL(KIDIA:KFDIA, 0:KFLEV)
 *** Some array syntax in ZTMPVAR(KIDIA:KFDIA, 1:KFLEV) = PDELP(KIDIA:KFDIA, 1:KFLEV)*PQI(KIDIA:KFDIA, 1:KFLEV)
 *** Some array syntax in ZTMPFLUX(KIDIA:KFDIA, 0:KFLEV) = -PFCSQN(KIDIA:KFDIA, 0:KFLEV)
 *** Some array syntax in ZTMPFLUX(KIDIA:KFDIA, 0:KFLEV) = -PFCCQN(KIDIA:KFDIA, 0:KFLEV)
 *** Some array syntax in ZTMPVAR(KIDIA:KFDIA, 1:KFLEV) = PDELP(KIDIA:KFDIA, 1:KFLEV)*PQI(KIDIA:KFDIA, 1:KFLEV)
 *** Some array syntax in ZTMPFLUX(KIDIA:KFDIA, 0:KFLEV) = -PFCSQN(KIDIA:KFDIA, 0:KFLEV)
 *** Some array syntax in ZTMPFLUX(KIDIA:KFDIA, 0:KFLEV) = -PFCCQN(KIDIA:KFDIA, 0:KFLEV)
 *** Some array syntax in ZTMPVAR(KIDIA:KFDIA, 1:KFLEV) = PDELP(KIDIA:KFDIA, 1:KFLEV)*PQR(KIDIA:KFDIA, 1:KFLEV)
 *** Some array syntax in ZTMPFLUX(KIDIA:KFDIA, 0:KFLEV) = -PFACL(KIDIA:KFDIA, 0:KFLEV)
 *** Some array syntax in ZTMPFLUX(KIDIA:KFDIA, 0:KFLEV) = -PFASL(KIDIA:KFDIA, 0:KFLEV)
 *** Some array syntax in ZTMPVAR(KIDIA:KFDIA, 1:KFLEV) = PDELP(KIDIA:KFDIA, 1:KFLEV)*PQR(KIDIA:KFDIA, 1:KFLEV)
 *** Some array syntax in ZTMPFLUX(KIDIA:KFDIA, 0:KFLEV) = -PFACL(KIDIA:KFDIA, 0:KFLEV)
 *** Some array syntax in ZTMPFLUX(KIDIA:KFDIA, 0:KFLEV) = -PFASL(KIDIA:KFDIA, 0:KFLEV)
 *** Some array syntax in ZTMPVAR(KIDIA:KFDIA, 1:KFLEV) = PDELP(KIDIA:KFDIA, 1:KFLEV)*PQS(KIDIA:KFDIA, 1:KFLEV)
 *** Some array syntax in ZTMPFLUX(KIDIA:KFDIA, 0:KFLEV) = -PFACN(KIDIA:KFDIA, 0:KFLEV)
 *** Some array syntax in ZTMPFLUX(KIDIA:KFDIA, 0:KFLEV) = -PFASN(KIDIA:KFDIA, 0:KFLEV)
 *** Some array syntax in ZTMPVAR(KIDIA:KFDIA, 1:KFLEV) = PDELP(KIDIA:KFDIA, 1:KFLEV)*PQS(KIDIA:KFDIA, 1:KFLEV)
 *** Some array syntax in ZTMPFLUX(KIDIA:KFDIA, 0:KFLEV) = -PFACN(KIDIA:KFDIA, 0:KFLEV)
 *** Some array syntax in ZTMPFLUX(KIDIA:KFDIA, 0:KFLEV) = -PFASN(KIDIA:KFDIA, 0:KFLEV)
 *** Some array syntax in ZTMPVAR(KIDIA:KFDIA, 1:KFLEV) = PDELP(KIDIA:KFDIA, 1:KFLEV)*PQG(KIDIA:KFDIA, 1:KFLEV)
 *** Some array syntax in ZTMPFLUX(KIDIA:KFDIA, 0:KFLEV) = -PFASG(KIDIA:KFDIA, 0:KFLEV)
 *** Some array syntax in ZTMPVAR(KIDIA:KFDIA, 1:KFLEV) = PDELP(KIDIA:KFDIA, 1:KFLEV)*PQG(KIDIA:KFDIA, 1:KFLEV)
 *** Some array syntax in ZTMPFLUX(KIDIA:KFDIA, 0:KFLEV) = -PFASG(KIDIA:KFDIA, 0:KFLEV)
 *** Some array syntax in ZTMPVAR(KIDIA:KFDIA, 1:KFLEV) = PDELP(KIDIA:KFDIA, 1:KFLEV)*PQL(KIDIA:KFDIA, 1:KFLEV)
 *** Some array syntax in ZTMPFLUX(KIDIA:KFDIA, 0:KFLEV) = -PFEDQLC(KIDIA:KFDIA, 0:KFLEV)
 *** Some array syntax in ZTMPFLUX(KIDIA:KFDIA, 0:KFLEV) = -PFCSQL(KIDIA:KFDIA, 0:KFLEV)
 *** Some array syntax in ZTMPVAR(KIDIA:KFDIA, 1:KFLEV) = PDELP(KIDIA:KFDIA, 1:KFLEV)*PQL(KIDIA:KFDIA, 1:KFLEV)
 *** Some array syntax in ZTMPFLUX(KIDIA:KFDIA, 0:KFLEV) = -PFEDQLC(KIDIA:KFDIA, 0:KFLEV)
 *** Some array syntax in ZTMPFLUX(KIDIA:KFDIA, 0:KFLEV) = -PFCSQL(KIDIA:KFDIA, 0:KFLEV)
 *** Some array syntax in ZTMPVAR(KIDIA:KFDIA, 1:KFLEV) = PDELP(KIDIA:KFDIA, 1:KFLEV)*PQI(KIDIA:KFDIA, 1:KFLEV)
 *** Some array syntax in ZTMPFLUX(KIDIA:KFDIA, 0:KFLEV) = -PFEDQIC(KIDIA:KFDIA, 0:KFLEV)
 *** Some array syntax in ZTMPFLUX(KIDIA:KFDIA, 0:KFLEV) = -PFCSQN(KIDIA:KFDIA, 0:KFLEV)
 *** Some array syntax in ZTMPVAR(KIDIA:KFDIA, 1:KFLEV) = PDELP(KIDIA:KFDIA, 1:KFLEV)*PQI(KIDIA:KFDIA, 1:KFLEV)
 *** Some array syntax in ZTMPFLUX(KIDIA:KFDIA, 0:KFLEV) = -PFEDQIC(KIDIA:KFDIA, 0:KFLEV)
 *** Some array syntax in ZTMPFLUX(KIDIA:KFDIA, 0:KFLEV) = -PFCSQN(KIDIA:KFDIA, 0:KFLEV)
 *** Some array syntax in ZTMPVAR(KIDIA:KFDIA, 1:KFLEV) = PDELP(KIDIA:KFDIA, 1:KFLEV)*PQR(KIDIA:KFDIA, 1:KFLEV)
 *** Some array syntax in ZTMPFLUX(KIDIA:KFDIA, 0:KFLEV) = -PFEDQRC(KIDIA:KFDIA, 0:KFLEV)
 *** Some array syntax in ZTMPFLUX(KIDIA:KFDIA, 0:KFLEV) = -PFASL(KIDIA:KFDIA, 0:KFLEV)
 *** Some array syntax in ZTMPVAR(KIDIA:KFDIA, 1:KFLEV) = PDELP(KIDIA:KFDIA, 1:KFLEV)*PQR(KIDIA:KFDIA, 1:KFLEV)
 *** Some array syntax in ZTMPFLUX(KIDIA:KFDIA, 0:KFLEV) = -PFEDQRC(KIDIA:KFDIA, 0:KFLEV)
 *** Some array syntax in ZTMPFLUX(KIDIA:KFDIA, 0:KFLEV) = -PFASL(KIDIA:KFDIA, 0:KFLEV)
 *** Some array syntax in ZTMPVAR(KIDIA:KFDIA, 1:KFLEV) = PDELP(KIDIA:KFDIA, 1:KFLEV)*PQS(KIDIA:KFDIA, 1:KFLEV)
 *** Some array syntax in ZTMPFLUX(KIDIA:KFDIA, 0:KFLEV) = -PFEDQSC(KIDIA:KFDIA, 0:KFLEV)
 *** Some array syntax in ZTMPFLUX(KIDIA:KFDIA, 0:KFLEV) = -PFASN(KIDIA:KFDIA, 0:KFLEV)
 *** Some array syntax in ZTMPVAR(KIDIA:KFDIA, 1:KFLEV) = PDELP(KIDIA:KFDIA, 1:KFLEV)*PQS(KIDIA:KFDIA, 1:KFLEV)
 *** Some array syntax in ZTMPFLUX(KIDIA:KFDIA, 0:KFLEV) = -PFEDQSC(KIDIA:KFDIA, 0:KFLEV)
 *** Some array syntax in ZTMPFLUX(KIDIA:KFDIA, 0:KFLEV) = -PFASN(KIDIA:KFDIA, 0:KFLEV)
 *** Some array syntax in ZTMPVAR(KIDIA:KFDIA, 1:KFLEV) = PDELP(KIDIA:KFDIA, 1:KFLEV)*PQLCONV(KIDIA:KFDIA, 1:KFLEV)
 *** Some array syntax in ZTMPFLUX(KIDIA:KFDIA, 0:KFLEV) = -PFCCQL(KIDIA:KFDIA, 0:KFLEV)
 *** Some array syntax in ZTMPVAR(KIDIA:KFDIA, 1:KFLEV) = PDELP(KIDIA:KFDIA, 1:KFLEV)*PQLCONV(KIDIA:KFDIA, 1:KFLEV)
 *** Some array syntax in ZTMPFLUX(KIDIA:KFDIA, 0:KFLEV) = -PFCCQL(KIDIA:KFDIA, 0:KFLEV)
 *** Some array syntax in ZTMPVAR(KIDIA:KFDIA, 1:KFLEV) = PDELP(KIDIA:KFDIA, 1:KFLEV)*PQICONV(KIDIA:KFDIA, 1:KFLEV)
 *** Some array syntax in ZTMPFLUX(KIDIA:KFDIA, 0:KFLEV) = -PFIMCC(KIDIA:KFDIA, 0:KFLEV)
 *** Some array syntax in ZTMPFLUX(KIDIA:KFDIA, 0:KFLEV) = -PFCCQN(KIDIA:KFDIA, 0:KFLEV)
 *** Some array syntax in ZTMPVAR(KIDIA:KFDIA, 1:KFLEV) = PDELP(KIDIA:KFDIA, 1:KFLEV)*PQICONV(KIDIA:KFDIA, 1:KFLEV)
 *** Some array syntax in ZTMPFLUX(KIDIA:KFDIA, 0:KFLEV) = -PFIMCC(KIDIA:KFDIA, 0:KFLEV)
 *** Some array syntax in ZTMPFLUX(KIDIA:KFDIA, 0:KFLEV) = -PFCCQN(KIDIA:KFDIA, 0:KFLEV)
 *** Some array syntax in ZTMPVAR(KIDIA:KFDIA, 1:KFLEV) = PDELP(KIDIA:KFDIA, 1:KFLEV)*PQRCONV(KIDIA:KFDIA, 1:KFLEV)
 *** Some array syntax in ZTMPFLUX(KIDIA:KFDIA, 0:KFLEV) = -PFACL(KIDIA:KFDIA, 0:KFLEV)
 *** Some array syntax in ZTMPVAR(KIDIA:KFDIA, 1:KFLEV) = PDELP(KIDIA:KFDIA, 1:KFLEV)*PQRCONV(KIDIA:KFDIA, 1:KFLEV)
 *** Some array syntax in ZTMPFLUX(KIDIA:KFDIA, 0:KFLEV) = -PFACL(KIDIA:KFDIA, 0:KFLEV)
 *** Some array syntax in ZTMPVAR(KIDIA:KFDIA, 1:KFLEV) = PDELP(KIDIA:KFDIA, 1:KFLEV)*PQSCONV(KIDIA:KFDIA, 1:KFLEV)
 *** Some array syntax in ZTMPFLUX(KIDIA:KFDIA, 0:KFLEV) = -PFACN(KIDIA:KFDIA, 0:KFLEV)
 *** Some array syntax in ZTMPVAR(KIDIA:KFDIA, 1:KFLEV) = PDELP(KIDIA:KFDIA, 1:KFLEV)*PQSCONV(KIDIA:KFDIA, 1:KFLEV)
 *** Some array syntax in ZTMPFLUX(KIDIA:KFDIA, 0:KFLEV) = -PFACN(KIDIA:KFDIA, 0:KFLEV)
 *** Some array syntax in ZTMPVAR(KIDIA:KFDIA, 1:KFLEV) = PDELP(KIDIA:KFDIA, 1:KFLEV)*PU(KIDIA:KFDIA, 1:KFLEV)
 *** Some array syntax in ZTMPVAR(KIDIA:KFDIA, 1:KFLEV) = PDELP(KIDIA:KFDIA, 1:KFLEV)*PV(KIDIA:KFDIA, 1:KFLEV)
 *** Some array syntax in ZTMPVAR(KIDIA:KFDIA, 1:KFLEV) = PDELP(KIDIA:KFDIA, 1:KFLEV)*PU(KIDIA:KFDIA, 1:KFLEV)
 *** Some array syntax in ZTMPVAR(KIDIA:KFDIA, 1:KFLEV) = PDELP(KIDIA:KFDIA, 1:KFLEV)*PV(KIDIA:KFDIA, 1:KFLEV)
 *** Some array syntax in ZTMPVAR(KIDIA:KFDIA, 1:KFLEV) = PDELP(KIDIA:KFDIA, 1:KFLEV)*ZKENE(KIDIA:KFDIA, 1:KFLEV)
 *** Some array syntax in ZTMPVAR(KIDIA:KFDIA, 1:KFLEV) = PDELP(KIDIA:KFDIA, 1:KFLEV)*ZKENE(KIDIA:KFDIA, 1:KFLEV)

==> arpifs/adiab/cpmvvps.F90 <==
==> arpifs/phys_dmn/cucalln_mf.F90 <==
==> arpifs/phys_ec/cuadjtq.F90 <==
Routine :  CUADJTQ => 
 *** Some array syntax in LLFLAG(KIDIA:KFDIA) = LLFLAG(KIDIA:KFDIA) .and. .not.LDOFLAG(KIDIA:KFDIA)

==> arpifs/phys_ec/cuascn.F90 <==
Routine :  CUASCN => module variables : ['SPP_PERT'] are forbidden
Routine :  CUASCN => 
  *** loop : Loop:: JLL=1:JLM => wrong loop variable : JLL;  

==> arpifs/phys_ec/cubasen.F90 <==
Routine :  CUBASEN => module variables : ['RKAP', 'SPP_PERT'] are forbidden
Routine :  CUBASEN => Some reductions were detected : 
 *** PCAPE(JL) = MAXVAL(ZCAPE(JL, :))

==> arpifs/phys_ec/cuddrafn.F90 <==
==> arpifs/phys_ec/cudlfsn.F90 <==
==> arpifs/phys_ec/cududv.F90 <==
Routine :  CUDUDV => module variables : ['LPERTPAR', 'LPERT_CUDUV', 'CUDU_MOD', 'CUDV_MOD', 'SPP_PERT'] are forbidden
==> arpifs/phys_ec/cuinin.F90 <==
==> arpifs/phys_ec/cuadjtqs.F90 <==
==> arpifs/phys_ec/cubasmcn.F90 <==
==> arpifs/phys_ec/cubidiag.F90 <==
==> arpifs/phys_ec/cuccdia.F90 <==
==> arpifs/phys_ec/cuctracer.F90 <==
==> arpifs/phys_ec/cudtdqn.F90 <==
==> arpifs/phys_ec/cuentr.F90 <==
Routine :  CUENTR => module variables : ['SPP_PERT'] are forbidden
==> arpifs/phys_ec/cuflxn.F90 <==
==> arpifs/phys_ec/cumastrn.F90 <==
Routine :  CUMASTRN => module variables : ['SPP_PERT'] are forbidden
==> arpifs/phys_ec/culight.F90 <==
Routine :  CULIGHT => 
 *** Some array syntax in ZAREA(KIDIA:KFDIA) = 1.0E-6_JPRB*4.0_JPRB*YDCST%RPI*YDCST%RA*YDCST%RA*PGAW(KIDIA:KFDIA)

Routine :  CULIGHT => Some reductions were detected : 
 *** PPRECMX(JL) = MAXVAL(PFPLCL(JL, KCTOP(JL):KCBOT(JL)) + PFPLCN(JL, KCTOP(JL):KCBOT(JL)))

==> arpifs/phys_ec/satur.F90 <==
